device : gfx1250
flydsl : 0.2.4

===== global_load_tr16_b128, per-lane step = 8 elements (16 B) =====
  lane  0: [0, 8, 16, 24, 32, 40, 48, 56]
  lane  1: [1, 9, 17, 25, 33, 41, 49, 57]
  lane  2: [2, 10, 18, 26, 34, 42, 50, 58]
  lane  3: [3, 11, 19, 27, 35, 43, 51, 59]
  lane  4: [4, 12, 20, 28, 36, 44, 52, 60]
  lane  5: [5, 13, 21, 29, 37, 45, 53, 61]
  lane  6: [6, 14, 22, 30, 38, 46, 54, 62]
  lane  7: [7, 15, 23, 31, 39, 47, 55, 63]
  --- group boundary ---
  lane  8: [64, 72, 80, 88, 96, 104, 112, 120]
  lane  9: [65, 73, 81, 89, 97, 105, 113, 121]
  lane 10: [66, 74, 82, 90, 98, 106, 114, 122]
  lane 11: [67, 75, 83, 91, 99, 107, 115, 123]
  lane 12: [68, 76, 84, 92, 100, 108, 116, 124]
  lane 13: [69, 77, 85, 93, 101, 109, 117, 125]
  lane 14: [70, 78, 86, 94, 102, 110, 118, 126]
  lane 15: [71, 79, 87, 95, 103, 111, 119, 127]
  --- group boundary ---
  lane 16: [128, 136, 144, 152, 160, 168, 176, 184]
  lane 17: [129, 137, 145, 153, 161, 169, 177, 185]
  lane 18: [130, 138, 146, 154, 162, 170, 178, 186]
  lane 19: [131, 139, 147, 155, 163, 171, 179, 187]
  lane 20: [132, 140, 148, 156, 164, 172, 180, 188]
  lane 21: [133, 141, 149, 157, 165, 173, 181, 189]
  lane 22: [134, 142, 150, 158, 166, 174, 182, 190]
  lane 23: [135, 143, 151, 159, 167, 175, 183, 191]
  --- group boundary ---
  lane 24: [192, 200, 208, 216, 224, 232, 240, 248]
  lane 25: [193, 201, 209, 217, 225, 233, 241, 249]
  lane 26: [194, 202, 210, 218, 226, 234, 242, 250]
  lane 27: [195, 203, 211, 219, 227, 235, 243, 251]
  lane 28: [196, 204, 212, 220, 228, 236, 244, 252]
  lane 29: [197, 205, 213, 221, 229, 237, 245, 253]
  lane 30: [198, 206, 214, 222, 230, 238, 246, 254]
  lane 31: [199, 207, 215, 223, 231, 239, 247, 255]
  -> 8-lane-group 8x8 TRANSPOSE (same shape as ds_load_tr16_b128)

===== global_load_tr16_b128, per-lane step = 16 elements (32 B) =====
  lane  0: [0, 16, 32, 48, 64, 80, 96, 112]
  lane  1: [1, 17, 33, 49, 65, 81, 97, 113]
  lane  2: [2, 18, 34, 50, 66, 82, 98, 114]
  lane  3: [3, 19, 35, 51, 67, 83, 99, 115]
  lane  4: [4, 20, 36, 52, 68, 84, 100, 116]
  lane  5: [5, 21, 37, 53, 69, 85, 101, 117]
  lane  6: [6, 22, 38, 54, 70, 86, 102, 118]
  lane  7: [7, 23, 39, 55, 71, 87, 103, 119]
  --- group boundary ---
  lane  8: [128, 144, 160, 176, 192, 208, 224, 240]
  lane  9: [129, 145, 161, 177, 193, 209, 225, 241]
  lane 10: [130, 146, 162, 178, 194, 210, 226, 242]
  lane 11: [131, 147, 163, 179, 195, 211, 227, 243]
  lane 12: [132, 148, 164, 180, 196, 212, 228, 244]
  lane 13: [133, 149, 165, 181, 197, 213, 229, 245]
  lane 14: [134, 150, 166, 182, 198, 214, 230, 246]
  lane 15: [135, 151, 167, 183, 199, 215, 231, 247]
  --- group boundary ---
  lane 16: [256, 272, 288, 304, 320, 336, 352, 368]
  lane 17: [257, 273, 289, 305, 321, 337, 353, 369]
  lane 18: [258, 274, 290, 306, 322, 338, 354, 370]
  lane 19: [259, 275, 291, 307, 323, 339, 355, 371]
  lane 20: [260, 276, 292, 308, 324, 340, 356, 372]
  lane 21: [261, 277, 293, 309, 325, 341, 357, 373]
  lane 22: [262, 278, 294, 310, 326, 342, 358, 374]
  lane 23: [263, 279, 295, 311, 327, 343, 359, 375]
  --- group boundary ---
  lane 24: [384, 400, 416, 432, 448, 464, 480, 496]
  lane 25: [385, 401, 417, 433, 449, 465, 481, 497]
  lane 26: [386, 402, 418, 434, 450, 466, 482, 498]
  lane 27: [387, 403, 419, 435, 451, 467, 483, 499]
  lane 28: [388, 404, 420, 436, 452, 468, 484, 500]
  lane 29: [389, 405, 421, 437, 453, 469, 485, 501]
  lane 30: [390, 406, 422, 438, 454, 470, 486, 502]
  lane 31: [391, 407, 423, 439, 455, 471, 487, 503]
  -> 8-lane-group 8x8 TRANSPOSE (same shape as ds_load_tr16_b128)

===== global_load_tr16_b128, per-lane step = 32 elements (64 B) =====
  lane  0: [0, 32, 64, 96, 128, 160, 192, 224]
  lane  1: [1, 33, 65, 97, 129, 161, 193, 225]
  lane  2: [2, 34, 66, 98, 130, 162, 194, 226]
  lane  3: [3, 35, 67, 99, 131, 163, 195, 227]
  lane  4: [4, 36, 68, 100, 132, 164, 196, 228]
  lane  5: [5, 37, 69, 101, 133, 165, 197, 229]
  lane  6: [6, 38, 70, 102, 134, 166, 198, 230]
  lane  7: [7, 39, 71, 103, 135, 167, 199, 231]
  --- group boundary ---
  lane  8: [256, 288, 320, 352, 384, 416, 448, 480]
  lane  9: [257, 289, 321, 353, 385, 417, 449, 481]
  lane 10: [258, 290, 322, 354, 386, 418, 450, 482]
  lane 11: [259, 291, 323, 355, 387, 419, 451, 483]
  lane 12: [260, 292, 324, 356, 388, 420, 452, 484]
  lane 13: [261, 293, 325, 357, 389, 421, 453, 485]
  lane 14: [262, 294, 326, 358, 390, 422, 454, 486]
  lane 15: [263, 295, 327, 359, 391, 423, 455, 487]
  --- group boundary ---
  lane 16: [512, 544, 576, 608, 640, 672, 704, 736]
  lane 17: [513, 545, 577, 609, 641, 673, 705, 737]
  lane 18: [514, 546, 578, 610, 642, 674, 706, 738]
  lane 19: [515, 547, 579, 611, 643, 675, 707, 739]
  lane 20: [516, 548, 580, 612, 644, 676, 708, 740]
  lane 21: [517, 549, 581, 613, 645, 677, 709, 741]
  lane 22: [518, 550, 582, 614, 646, 678, 710, 742]
  lane 23: [519, 551, 583, 615, 647, 679, 711, 743]
  --- group boundary ---
  lane 24: [768, 800, 832, 864, 896, 928, 960, 992]
  lane 25: [769, 801, 833, 865, 897, 929, 961, 993]
  lane 26: [770, 802, 834, 866, 898, 930, 962, 994]
  lane 27: [771, 803, 835, 867, 899, 931, 963, 995]
  lane 28: [772, 804, 836, 868, 900, 932, 964, 996]
  lane 29: [773, 805, 837, 869, 901, 933, 965, 997]
  lane 30: [774, 806, 838, 870, 902, 934, 966, 998]
  lane 31: [775, 807, 839, 871, 903, 935, 967, 999]
  -> 8-lane-group 8x8 TRANSPOSE (same shape as ds_load_tr16_b128)

===== global_load_tr16_b128, per-lane step = 64 elements (128 B) =====
  lane  0: [0, 64, 128, 192, 256, 320, 384, 448]
  lane  1: [1, 65, 129, 193, 257, 321, 385, 449]
  lane  2: [2, 66, 130, 194, 258, 322, 386, 450]
  lane  3: [3, 67, 131, 195, 259, 323, 387, 451]
  lane  4: [4, 68, 132, 196, 260, 324, 388, 452]
  lane  5: [5, 69, 133, 197, 261, 325, 389, 453]
  lane  6: [6, 70, 134, 198, 262, 326, 390, 454]
  lane  7: [7, 71, 135, 199, 263, 327, 391, 455]
  --- group boundary ---
  lane  8: [512, 576, 640, 704, 768, 832, 896, 960]
  lane  9: [513, 577, 641, 705, 769, 833, 897, 961]
  lane 10: [514, 578, 642, 706, 770, 834, 898, 962]
  lane 11: [515, 579, 643, 707, 771, 835, 899, 963]
  lane 12: [516, 580, 644, 708, 772, 836, 900, 964]
  lane 13: [517, 581, 645, 709, 773, 837, 901, 965]
  lane 14: [518, 582, 646, 710, 774, 838, 902, 966]
  lane 15: [519, 583, 647, 711, 775, 839, 903, 967]
  --- group boundary ---
  lane 16: [1024, 1088, 1152, 1216, 1280, 1344, 1408, 1472]
  lane 17: [1025, 1089, 1153, 1217, 1281, 1345, 1409, 1473]
  lane 18: [1026, 1090, 1154, 1218, 1282, 1346, 1410, 1474]
  lane 19: [1027, 1091, 1155, 1219, 1283, 1347, 1411, 1475]
  lane 20: [1028, 1092, 1156, 1220, 1284, 1348, 1412, 1476]
  lane 21: [1029, 1093, 1157, 1221, 1285, 1349, 1413, 1477]
  lane 22: [1030, 1094, 1158, 1222, 1286, 1350, 1414, 1478]
  lane 23: [1031, 1095, 1159, 1223, 1287, 1351, 1415, 1479]
  --- group boundary ---
  lane 24: [1536, 1600, 1664, 1728, 1792, 1856, 1920, 1984]
  lane 25: [1537, 1601, 1665, 1729, 1793, 1857, 1921, 1985]
  lane 26: [1538, 1602, 1666, 1730, 1794, 1858, 1922, 1986]
  lane 27: [1539, 1603, 1667, 1731, 1795, 1859, 1923, 1987]
  lane 28: [1540, 1604, 1668, 1732, 1796, 1860, 1924, 1988]
  lane 29: [1541, 1605, 1669, 1733, 1797, 1861, 1925, 1989]
  lane 30: [1542, 1606, 1670, 1734, 1798, 1862, 1926, 1990]
  lane 31: [1543, 1607, 1671, 1735, 1799, 1863, 1927, 1991]
  -> 8-lane-group 8x8 TRANSPOSE (same shape as ds_load_tr16_b128)

===== global_load_tr16_b128, per-lane step = 9 elements (18 B) =====
  lane  0: [0, 9, 18, 27, 36, 45, 54, 63]
  lane  1: [1, 10, 19, 28, 37, 46, 55, 64]
  lane  2: [2, 11, 20, 29, 38, 47, 56, 65]
  lane  3: [3, 12, 21, 30, 39, 48, 57, 66]
  lane  4: [4, 13, 22, 31, 40, 49, 58, 67]
  lane  5: [5, 14, 23, 32, 41, 50, 59, 68]
  lane  6: [6, 15, 24, 33, 42, 51, 60, 69]
  lane  7: [7, 16, 25, 34, 43, 52, 61, 70]
  --- group boundary ---
  lane  8: [72, 81, 90, 99, 108, 117, 126, 135]
  lane  9: [73, 82, 91, 100, 109, 118, 127, 136]
  lane 10: [74, 83, 92, 101, 110, 119, 128, 137]
  lane 11: [75, 84, 93, 102, 111, 120, 129, 138]
  lane 12: [76, 85, 94, 103, 112, 121, 130, 139]
  lane 13: [77, 86, 95, 104, 113, 122, 131, 140]
  lane 14: [78, 87, 96, 105, 114, 123, 132, 141]
  lane 15: [79, 88, 97, 106, 115, 124, 133, 142]
  --- group boundary ---
  lane 16: [144, 153, 162, 171, 180, 189, 198, 207]
  lane 17: [145, 154, 163, 172, 181, 190, 199, 208]
  lane 18: [146, 155, 164, 173, 182, 191, 200, 209]
  lane 19: [147, 156, 165, 174, 183, 192, 201, 210]
  lane 20: [148, 157, 166, 175, 184, 193, 202, 211]
  lane 21: [149, 158, 167, 176, 185, 194, 203, 212]
  lane 22: [150, 159, 168, 177, 186, 195, 204, 213]
  lane 23: [151, 160, 169, 178, 187, 196, 205, 214]
  --- group boundary ---
  lane 24: [216, 225, 234, 243, 252, 261, 270, 279]
  lane 25: [217, 226, 235, 244, 253, 262, 271, 280]
  lane 26: [218, 227, 236, 245, 254, 263, 272, 281]
  lane 27: [219, 228, 237, 246, 255, 264, 273, 282]
  lane 28: [220, 229, 238, 247, 256, 265, 274, 283]
  lane 29: [221, 230, 239, 248, 257, 266, 275, 284]
  lane 30: [222, 231, 240, 249, 258, 267, 276, 285]
  lane 31: [223, 232, 241, 250, 259, 268, 277, 286]
  -> 8-lane-group 8x8 TRANSPOSE (same shape as ds_load_tr16_b128)

===== global_load_tr16_b128, per-lane step = 12 elements (24 B) =====
  lane  0: [0, 12, 24, 36, 48, 60, 72, 84]
  lane  1: [1, 13, 25, 37, 49, 61, 73, 85]
  lane  2: [2, 14, 26, 38, 50, 62, 74, 86]
  lane  3: [3, 15, 27, 39, 51, 63, 75, 87]
  lane  4: [4, 16, 28, 40, 52, 64, 76, 88]
  lane  5: [5, 17, 29, 41, 53, 65, 77, 89]
  lane  6: [6, 18, 30, 42, 54, 66, 78, 90]
  lane  7: [7, 19, 31, 43, 55, 67, 79, 91]
  --- group boundary ---
  lane  8: [96, 108, 120, 132, 144, 156, 168, 180]
  lane  9: [97, 109, 121, 133, 145, 157, 169, 181]
  lane 10: [98, 110, 122, 134, 146, 158, 170, 182]
  lane 11: [99, 111, 123, 135, 147, 159, 171, 183]
  lane 12: [100, 112, 124, 136, 148, 160, 172, 184]
  lane 13: [101, 113, 125, 137, 149, 161, 173, 185]
  lane 14: [102, 114, 126, 138, 150, 162, 174, 186]
  lane 15: [103, 115, 127, 139, 151, 163, 175, 187]
  --- group boundary ---
  lane 16: [192, 204, 216, 228, 240, 252, 264, 276]
  lane 17: [193, 205, 217, 229, 241, 253, 265, 277]
  lane 18: [194, 206, 218, 230, 242, 254, 266, 278]
  lane 19: [195, 207, 219, 231, 243, 255, 267, 279]
  lane 20: [196, 208, 220, 232, 244, 256, 268, 280]
  lane 21: [197, 209, 221, 233, 245, 257, 269, 281]
  lane 22: [198, 210, 222, 234, 246, 258, 270, 282]
  lane 23: [199, 211, 223, 235, 247, 259, 271, 283]
  --- group boundary ---
  lane 24: [288, 300, 312, 324, 336, 348, 360, 372]
  lane 25: [289, 301, 313, 325, 337, 349, 361, 373]
  lane 26: [290, 302, 314, 326, 338, 350, 362, 374]
  lane 27: [291, 303, 315, 327, 339, 351, 363, 375]
  lane 28: [292, 304, 316, 328, 340, 352, 364, 376]
  lane 29: [293, 305, 317, 329, 341, 353, 365, 377]
  lane 30: [294, 306, 318, 330, 342, 354, 366, 378]
  lane 31: [295, 307, 319, 331, 343, 355, 367, 379]
  -> 8-lane-group 8x8 TRANSPOSE (same shape as ds_load_tr16_b128)

