device : gfx1250
flydsl : 0.2.4

===== NN B-fragment, tile_k(reduction)=32  tile_n(output)=64 =====
  fragments checked      : 4 x 32 lanes x 16 elems
  [1] analytic match     : PASS
  [2] tr == NT bitwise   : PASS
  [-] NT vs analytic     : PASS  (control: the known-good path)

===== NN B-fragment, tile_k(reduction)=64  tile_n(output)=128 =====
  fragments checked      : 16 x 32 lanes x 16 elems
  [1] analytic match     : PASS
  [2] tr == NT bitwise   : PASS
  [-] NT vs analytic     : PASS  (control: the known-good path)
  measured lane -> (k, n) for fragment ks=0, wn=0 (first 4 and last lane):
        lane  0: n=[0]  k=[0, 1, 2, 3, 4, 5, 6, 7, 16, 17, 18, 19, 20, 21, 22, 23]
        lane  1: n=[1]  k=[0, 1, 2, 3, 4, 5, 6, 7, 16, 17, 18, 19, 20, 21, 22, 23]
        lane  2: n=[2]  k=[0, 1, 2, 3, 4, 5, 6, 7, 16, 17, 18, 19, 20, 21, 22, 23]
        lane  3: n=[3]  k=[0, 1, 2, 3, 4, 5, 6, 7, 16, 17, 18, 19, 20, 21, 22, 23]
        lane 31: n=[15]  k=[8, 9, 10, 11, 12, 13, 14, 15, 24, 25, 26, 27, 28, 29, 30, 31]

===== NN B-fragment, tile_k(reduction)=128  tile_n(output)=64 =====
  fragments checked      : 16 x 32 lanes x 16 elems
  [1] analytic match     : PASS
  [2] tr == NT bitwise   : PASS
  [-] NT vs analytic     : PASS  (control: the known-good path)

===== NN B-fragment, tile_k(reduction)=64  tile_n(output)=64 =====
  fragments checked      : 8 x 32 lanes x 16 elems
  [1] analytic match     : PASS
  [2] tr == NT bitwise   : PASS
  [-] NT vs analytic     : PASS  (control: the known-good path)

RESULT: ALL PASS
